2025-10-27 01:08:53 | INFO     | {} Boot: stopping grab poller...
2025-10-27 01:08:53 | INFO     | {} grab_poller: stop requested
2025-10-27 01:08:54 | INFO     | {} Boot: stopping scheduler...
2025-10-27 01:08:54 | INFO     | {} Scheduler: stop requested
2025-10-27 01:08:57 | INFO     | {} External bot stopped ext_id=1
2025-10-27 01:08:57 | INFO     | {} External bot stopped ext_id=2
2025-10-27 01:08:57 | INFO     | {} Boot: stopping userbot...
2025-10-27 01:11:54 | INFO     | {} DB: engine initialized, pool=StaticPool staticpool=True nullpool=False
2025-10-27 01:11:54 | INFO     | {} External bot started ext_id=1
2025-10-27 01:11:54 | INFO     | {} External bot started ext_id=2
2025-10-27 01:11:54 | INFO     | {} Boot: starting userbot...
2025-10-27 01:11:55 | INFO     | {} Boot: userbot started
2025-10-27 01:11:57 | INFO     | {} Boot: userbot peers warmed up
2025-10-27 01:11:57 | INFO     | {} Boot: creating services...
2025-10-27 01:11:57 | INFO     | {} Scheduler: start build=2025-10-22T16:05-autodel-precheck-fallback
2025-10-27 01:11:57 | INFO     | {} grab_poller: start
2025-10-27 01:11:57 | INFO     | {} Boot: starting aiogram polling...
2025-10-27 01:21:09 | INFO     | {} Boot: stopping grab poller...
2025-10-27 01:21:09 | INFO     | {} grab_poller: stop requested
2025-10-27 01:21:11 | INFO     | {} Boot: stopping scheduler...
2025-10-27 01:21:11 | INFO     | {} Scheduler: stop requested
2025-10-27 01:21:13 | INFO     | {} External bot stopped ext_id=1
2025-10-27 01:21:13 | INFO     | {} External bot stopped ext_id=2
2025-10-27 01:21:13 | INFO     | {} Boot: stopping userbot...
2025-10-27 01:21:24 | INFO     | {} DB: engine initialized, pool=StaticPool staticpool=True nullpool=False
2025-10-27 01:21:24 | INFO     | {} External bot started ext_id=1
2025-10-27 01:21:24 | INFO     | {} External bot started ext_id=2
2025-10-27 01:21:24 | INFO     | {} Boot: starting userbot...
2025-10-27 01:21:25 | INFO     | {} Boot: userbot started
2025-10-27 01:21:27 | INFO     | {} Boot: userbot peers warmed up
2025-10-27 01:21:27 | INFO     | {} Boot: creating services...
2025-10-27 01:21:27 | INFO     | {} Scheduler: start build=2025-10-22T16:05-autodel-precheck-fallback
2025-10-27 01:21:27 | INFO     | {} grab_poller: start
2025-10-27 01:21:27 | INFO     | {} Boot: starting aiogram polling...
2025-10-27 14:19:21 | INFO     | {} Boot: stopping grab poller...
2025-10-27 14:19:21 | INFO     | {} grab_poller: stop requested
2025-10-27 14:19:25 | INFO     | {} Boot: stopping scheduler...
2025-10-27 14:19:25 | INFO     | {} Scheduler: stop requested
2025-10-27 14:19:31 | INFO     | {} External bot stopped ext_id=1
2025-10-27 14:19:31 | INFO     | {} External bot stopped ext_id=2
2025-10-27 14:19:31 | INFO     | {} Boot: stopping userbot...
2025-10-27 14:19:43 | INFO     | {} DB: engine initialized, pool=StaticPool staticpool=True nullpool=False
2025-10-27 14:19:43 | INFO     | {} External bot started ext_id=1
2025-10-27 14:19:43 | INFO     | {} External bot started ext_id=2
2025-10-27 14:19:43 | INFO     | {} Boot: starting userbot...
2025-10-27 14:19:44 | INFO     | {} Boot: userbot started
2025-10-27 14:19:46 | INFO     | {} Boot: userbot peers warmed up
2025-10-27 14:19:46 | INFO     | {} Boot: creating services...
2025-10-27 14:19:46 | INFO     | {} Scheduler: start build=2025-10-22T16:05-autodel-precheck-fallback
2025-10-27 14:19:46 | INFO     | {} grab_poller: start
2025-10-27 14:19:46 | INFO     | {} Boot: starting aiogram polling...
2025-10-27 14:50:43 | INFO     | {} Boot: stopping grab poller...
2025-10-27 14:50:43 | INFO     | {} grab_poller: stop requested
2025-10-27 14:50:44 | INFO     | {} Boot: stopping scheduler...
2025-10-27 14:50:44 | INFO     | {} Scheduler: stop requested
2025-10-27 14:50:50 | INFO     | {} External bot stopped ext_id=1
2025-10-27 14:50:50 | INFO     | {} External bot stopped ext_id=2
2025-10-27 14:50:50 | INFO     | {} Boot: stopping userbot...
2025-10-27 14:54:13 | INFO     | {} DB: engine initialized, pool=StaticPool staticpool=True nullpool=False
2025-10-27 14:54:13 | INFO     | {} External bot started ext_id=1
2025-10-27 14:54:13 | INFO     | {} External bot started ext_id=2
2025-10-27 14:54:13 | INFO     | {} Boot: starting userbot...
2025-10-27 14:54:14 | INFO     | {} Boot: userbot started
2025-10-27 14:54:16 | INFO     | {} Boot: userbot peers warmed up
2025-10-27 14:54:16 | INFO     | {} Boot: creating services...
2025-10-27 14:54:16 | INFO     | {} Scheduler: start build=2025-10-22T16:05-autodel-precheck-fallback
2025-10-27 14:54:16 | INFO     | {} grab_poller: start
2025-10-27 14:54:16 | INFO     | {} Boot: starting aiogram polling...
2025-10-27 15:15:59 | INFO     | {} Boot: stopping grab poller...
2025-10-27 15:15:59 | INFO     | {} grab_poller: stop requested
2025-10-27 15:16:01 | INFO     | {} Boot: stopping scheduler...
2025-10-27 15:16:01 | INFO     | {} Scheduler: stop requested
2025-10-27 15:16:03 | INFO     | {} External bot stopped ext_id=1
2025-10-27 15:16:03 | INFO     | {} External bot stopped ext_id=2
2025-10-27 15:16:03 | INFO     | {} Boot: stopping userbot...
2025-10-27 15:16:23 | INFO     | {} DB: engine initialized, pool=StaticPool staticpool=True nullpool=False
2025-10-27 15:16:23 | INFO     | {} External bot started ext_id=1
2025-10-27 15:16:23 | INFO     | {} External bot started ext_id=2
2025-10-27 15:16:23 | INFO     | {} Boot: starting userbot...
2025-10-27 15:16:24 | INFO     | {} Boot: userbot started
2025-10-27 15:16:26 | INFO     | {} Boot: userbot peers warmed up
2025-10-27 15:16:26 | INFO     | {} Boot: creating services...
2025-10-27 15:16:26 | INFO     | {} Scheduler: start build=2025-10-22T16:05-autodel-precheck-fallback
2025-10-27 15:16:26 | INFO     | {} grab_poller: start
2025-10-27 15:16:26 | INFO     | {} Boot: starting aiogram polling...
2025-10-27 15:16:26 | DEBUG    | {} POST_BACK: received
2025-10-27 15:30:49 | INFO     | {} Boot: stopping grab poller...
2025-10-27 15:30:49 | INFO     | {} grab_poller: stop requested
2025-10-27 15:30:53 | INFO     | {} Boot: stopping scheduler...
2025-10-27 15:30:53 | INFO     | {} Scheduler: stop requested
2025-10-27 15:30:57 | INFO     | {} External bot stopped ext_id=1
2025-10-27 15:30:57 | INFO     | {} External bot stopped ext_id=2
2025-10-27 15:30:57 | INFO     | {} Boot: stopping userbot...
2025-10-27 15:40:10 | INFO     | {} DB: engine initialized, pool=StaticPool staticpool=True nullpool=False
2025-10-27 15:40:15 | INFO     | {} External bot started ext_id=1
2025-10-27 15:40:16 | INFO     | {} External bot started ext_id=2
2025-10-27 15:40:16 | INFO     | {} Boot: starting userbot...
2025-10-27 15:40:26 | INFO     | {} Boot: userbot started
2025-10-27 15:40:33 | INFO     | {} Boot: userbot peers warmed up
2025-10-27 15:40:33 | INFO     | {} Boot: creating services...
2025-10-27 15:40:33 | INFO     | {} Scheduler: start build=2025-10-22T16:05-autodel-precheck-fallback
2025-10-27 15:40:34 | INFO     | {} grab_poller: start
2025-10-27 15:40:34 | INFO     | {} Boot: starting aiogram polling...
2025-10-27 16:16:55 | INFO     | {} Boot: stopping grab poller...
2025-10-27 16:16:55 | INFO     | {} grab_poller: stop requested
2025-10-27 16:16:57 | INFO     | {} Boot: stopping scheduler...
2025-10-27 16:16:57 | INFO     | {} Scheduler: stop requested
2025-10-27 16:17:07 | INFO     | {} External bot stopped ext_id=1
2025-10-27 16:17:07 | INFO     | {} External bot stopped ext_id=2
2025-10-27 16:17:07 | INFO     | {} Boot: stopping userbot...
2025-10-27 16:17:52 | INFO     | {} DB: engine initialized, pool=StaticPool staticpool=True nullpool=False
2025-10-27 16:17:52 | INFO     | {} External bot started ext_id=1
2025-10-27 16:17:52 | INFO     | {} External bot started ext_id=2
2025-10-27 16:17:52 | INFO     | {} Boot: starting userbot...
2025-10-27 16:17:53 | INFO     | {} Boot: userbot started
2025-10-27 16:17:55 | INFO     | {} Boot: userbot peers warmed up
2025-10-27 16:17:55 | INFO     | {} Boot: creating services...
2025-10-27 16:17:55 | INFO     | {} Scheduler: start build=2025-10-22T16:05-autodel-precheck-fallback
2025-10-27 16:17:55 | INFO     | {} grab_poller: start
2025-10-27 16:17:55 | INFO     | {} Boot: starting aiogram polling...
2025-10-27 16:18:49 | INFO     | {} Boot: stopping grab poller...
2025-10-27 16:18:49 | INFO     | {} grab_poller: stop requested
2025-10-27 16:18:52 | INFO     | {} Boot: stopping scheduler...
2025-10-27 16:18:52 | INFO     | {} Scheduler: stop requested
2025-10-27 16:18:58 | INFO     | {} External bot stopped ext_id=1
2025-10-27 16:18:58 | INFO     | {} External bot stopped ext_id=2
2025-10-27 16:18:58 | INFO     | {} Boot: stopping userbot...
2025-10-27 16:19:47 | INFO     | {} DB: engine initialized, pool=StaticPool staticpool=True nullpool=False
2025-10-27 16:19:47 | INFO     | {} External bot started ext_id=1
2025-10-27 16:19:47 | INFO     | {} External bot started ext_id=2
2025-10-27 16:19:47 | INFO     | {} Boot: starting userbot...
2025-10-27 16:19:48 | INFO     | {} Boot: userbot started
2025-10-27 16:19:50 | INFO     | {} Boot: userbot peers warmed up
2025-10-27 16:19:50 | INFO     | {} Boot: creating services...
2025-10-27 16:19:50 | INFO     | {} Scheduler: start build=2025-10-22T16:05-autodel-precheck-fallback
2025-10-27 16:19:50 | INFO     | {} grab_poller: start
2025-10-27 16:19:50 | INFO     | {} Boot: starting aiogram polling...
2025-10-27 16:19:50 | ERROR    | {'user_id': 6255239258, 'chat_id': 5828498107} Unhandled error: Telegram server says - Bad Request: query is too old and response timeout expired or query ID is invalid
Traceback (most recent call last):

  File "/usr/lib/python3.10/runpy.py", line 196, in _run_module_as_main
    return _run_code(code, main_globals, None,
           │         │     └ {'__name__': '__main__', '__doc__': None, '__package__': 'app.bot', '__loader__': <_frozen_importlib_external.SourceFileLoade...
           │         └ <code object <module> at 0x7fcf197adbb0, file "/home/refactor_bot/app/bot/dispatcher.py", line 1>
           └ <function _run_code at 0x7fcf1977f010>
  File "/usr/lib/python3.10/runpy.py", line 86, in _run_code
    exec(code, run_globals)
         │     └ {'__name__': '__main__', '__doc__': None, '__package__': 'app.bot', '__loader__': <_frozen_importlib_external.SourceFileLoade...
         └ <code object <module> at 0x7fcf197adbb0, file "/home/refactor_bot/app/bot/dispatcher.py", line 1>

  File "/home/refactor_bot/app/bot/dispatcher.py", line 153, in <module>
    asyncio.run(run_bot())
    │       │   └ <function run_bot at 0x7fcf146927a0>
    │       └ <function run at 0x7fcf197e5e10>
    └ <module 'asyncio' from '/usr/lib/python3.10/asyncio/__init__.py'>

  File "/usr/lib/python3.10/asyncio/runners.py", line 44, in run
    return loop.run_until_complete(main)
           │    │                  └ <coroutine object run_bot at 0x7fcf14652b90>
           │    └ <function BaseEventLoop.run_until_complete at 0x7fcf190ea440>
           └ <_UnixSelectorEventLoop running=True closed=False debug=False>
  File "/usr/lib/python3.10/asyncio/base_events.py", line 636, in run_until_complete
    self.run_forever()
    │    └ <function BaseEventLoop.run_forever at 0x7fcf190ea3b0>
    └ <_UnixSelectorEventLoop running=True closed=False debug=False>
  File "/usr/lib/python3.10/asyncio/base_events.py", line 603, in run_forever
    self._run_once()
    │    └ <function BaseEventLoop._run_once at 0x7fcf190ebeb0>
    └ <_UnixSelectorEventLoop running=True closed=False debug=False>
  File "/usr/lib/python3.10/asyncio/base_events.py", line 1909, in _run_once
    handle._run()
    │      └ <function Handle._run at 0x7fcf1904f880>
    └ <Handle Task.task_wakeup(<Future finished result=None>)>
  File "/usr/lib/python3.10/asyncio/events.py", line 80, in _run
    self._context.run(self._callback, *self._args)
    │    │            │    │           │    └ <member '_args' of 'Handle' objects>
    │    │            │    │           └ <Handle Task.task_wakeup(<Future finished result=None>)>
    │    │            │    └ <member '_callback' of 'Handle' objects>
    │    │            └ <Handle Task.task_wakeup(<Future finished result=None>)>
    │    └ <member '_context' of 'Handle' objects>
    └ <Handle Task.task_wakeup(<Future finished result=None>)>
  File "/home/refactor_bot/venv/lib/python3.10/site-packages/aiogram/dispatcher/dispatcher.py", line 309, in _process_update
    response = await self.feed_update(bot, update, **kwargs)
                     │    │           │    │         └ {'dispatcher': <Dispatcher '0x7fcf1468eb90'>, 'bots': (<aiogram.client.bot.Bot object at 0x7fcf168b2440>,)}
                     │    │           │    └ Update(update_id=67347525, message=None, edited_message=None, channel_post=None, edited_channel_post=None, business_connectio...
                     │    │           └ <aiogram.client.bot.Bot object at 0x7fcf168b2440>
                     │    └ <function Dispatcher.feed_update at 0x7fcf169ad7e0>
                     └ <Dispatcher '0x7fcf1468eb90'>
  File "/home/refactor_bot/venv/lib/python3.10/site-packages/aiogram/dispatcher/dispatcher.py", line 158, in feed_update
    response = await self.update.wrap_outer_middleware(
                     │    │      └ <function TelegramEventObserver.wrap_outer_middleware at 0x7fcf169ac160>
                     │    └ <aiogram.dispatcher.event.telegram.TelegramEventObserver object at 0x7fcf137b8c70>
                     └ <Dispatcher '0x7fcf1468eb90'>
  File "/home/refactor_bot/venv/lib/python3.10/site-packages/aiogram/dispatcher/middlewares/error.py", line 25, in __call__
    return await handler(event, data)
                 │       │      └ {'dispatcher': <Dispatcher '0x7fcf1468eb90'>, 'bots': (<aiogram.client.bot.Bot object at 0x7fcf168b2440>,), 'bot': <aiogram.c...
                 │       └ Update(update_id=67347525, message=None, edited_message=None, channel_post=None, edited_channel_post=None, business_connectio...
                 └ functools.partial(<aiogram.dispatcher.middlewares.user_context.UserContextMiddleware object at 0x7fcf137b8e50>, functools.par...
  File "/home/refactor_bot/venv/lib/python3.10/site-packages/aiogram/dispatcher/middlewares/user_context.py", line 56, in __call__
    return await handler(event, data)
                 │       │      └ {'dispatcher': <Dispatcher '0x7fcf1468eb90'>, 'bots': (<aiogram.client.bot.Bot object at 0x7fcf168b2440>,), 'bot': <aiogram.c...
                 │       └ Update(update_id=67347525, message=None, edited_message=None, channel_post=None, edited_channel_post=None, business_connectio...
                 └ functools.partial(<aiogram.fsm.middleware.FSMContextMiddleware object at 0x7fcf137b8e80>, <function TelegramEventObserver.tri...
  File "/home/refactor_bot/venv/lib/python3.10/site-packages/aiogram/fsm/middleware.py", line 42, in __call__
    return await handler(event, data)
                 │       │      └ {'dispatcher': <Dispatcher '0x7fcf1468eb90'>, 'bots': (<aiogram.client.bot.Bot object at 0x7fcf168b2440>,), 'bot': <aiogram.c...
                 │       └ Update(update_id=67347525, message=None, edited_message=None, channel_post=None, edited_channel_post=None, business_connectio...
                 └ <function TelegramEventObserver.trigger at 0x7fcf147737f0>
  File "/home/refactor_bot/venv/lib/python3.10/site-packages/aiogram/dispatcher/event/telegram.py", line 121, in trigger
    return await wrapped_inner(event, kwargs)
                 │             │      └ {'dispatcher': <Dispatcher '0x7fcf1468eb90'>, 'bots': (<aiogram.client.bot.Bot object at 0x7fcf168b2440>,), 'bot': <aiogram.c...
                 │             └ Update(update_id=67347525, message=None, edited_message=None, channel_post=None, edited_channel_post=None, business_connectio...
                 └ <function CallableObject.call at 0x7fcf14772c20>
  File "/home/refactor_bot/venv/lib/python3.10/site-packages/aiogram/dispatcher/event/handler.py", line 43, in call
    return await wrapped()
                 └ functools.partial(<bound method Dispatcher._listen_update of <Dispatcher '0x7fcf1468eb90'>>, Update(update_id=67347525, messa...
  File "/home/refactor_bot/venv/lib/python3.10/site-packages/aiogram/dispatcher/dispatcher.py", line 276, in _listen_update
    return await self.propagate_event(update_type=update_type, event=event, **kwargs)
                 │    │                           │                  │        └ {'dispatcher': <Dispatcher '0x7fcf1468eb90'>, 'bots': (<aiogram.client.bot.Bot object at 0x7fcf168b2440>,), 'bot': <aiogram.c...
                 │    │                           │                  └ CallbackQuery(id='6586464684392533828', from_user=User(id=5828498107, is_bot=False, first_name='Vasi', last_name=None, userna...
                 │    │                           └ 'callback_query'
                 │    └ <function Router.propagate_event at 0x7fcf169ace50>
                 └ <Dispatcher '0x7fcf1468eb90'>
  File "/home/refactor_bot/venv/lib/python3.10/site-packages/aiogram/dispatcher/router.py", line 146, in propagate_event
    return await observer.wrap_outer_middleware(_wrapped, event=event, data=kwargs)
                 │        │                     │               │           └ {'dispatcher': <Dispatcher '0x7fcf1468eb90'>, 'bots': (<aiogram.client.bot.Bot object at 0x7fcf168b2440>,), 'bot': <aiogram.c...
                 │        │                     │               └ CallbackQuery(id='6586464684392533828', from_user=User(id=5828498107, is_bot=False, first_name='Vasi', last_name=None, userna...
                 │        │                     └ <function Router.propagate_event.<locals>._wrapped at 0x7fcf14773be0>
                 │        └ <function TelegramEventObserver.wrap_outer_middleware at 0x7fcf169ac160>
                 └ <aiogram.dispatcher.event.telegram.TelegramEventObserver object at 0x7fcf1468f760>
  File "/home/refactor_bot/venv/lib/python3.10/site-packages/aiogram/dispatcher/router.py", line 141, in _wrapped
    return await self._propagate_event(
                 │    └ <function Router._propagate_event at 0x7fcf169acee0>
                 └ <Dispatcher '0x7fcf1468eb90'>
  File "/home/refactor_bot/venv/lib/python3.10/site-packages/aiogram/dispatcher/router.py", line 174, in _propagate_event
    response = await router.propagate_event(update_type=update_type, event=event, **kwargs)
                     │      │                           │                  │        └ {'dispatcher': <Dispatcher '0x7fcf1468eb90'>, 'bots': (<aiogram.client.bot.Bot object at 0x7fcf168b2440>,), 'bot': <aiogram.c...
                     │      │                           │                  └ CallbackQuery(id='6586464684392533828', from_user=User(id=5828498107, is_bot=False, first_name='Vasi', last_name=None, userna...
                     │      │                           └ 'callback_query'
                     │      └ <function Router.propagate_event at 0x7fcf169ace50>
                     └ <Router '0x7fcf168b3010'>
  File "/home/refactor_bot/venv/lib/python3.10/site-packages/aiogram/dispatcher/router.py", line 146, in propagate_event
    return await observer.wrap_outer_middleware(_wrapped, event=event, data=kwargs)
                 │        │                     │               │           └ {'dispatcher': <Dispatcher '0x7fcf1468eb90'>, 'bots': (<aiogram.client.bot.Bot object at 0x7fcf168b2440>,), 'bot': <aiogram.c...
                 │        │                     │               └ CallbackQuery(id='6586464684392533828', from_user=User(id=5828498107, is_bot=False, first_name='Vasi', last_name=None, userna...
                 │        │                     └ <function Router.propagate_event.<locals>._wrapped at 0x7fcf147725f0>
                 │        └ <function TelegramEventObserver.wrap_outer_middleware at 0x7fcf169ac160>
                 └ <aiogram.dispatcher.event.telegram.TelegramEventObserver object at 0x7fcf146731c0>
  File "/home/refactor_bot/venv/lib/python3.10/site-packages/aiogram/dispatcher/router.py", line 141, in _wrapped
    return await self._propagate_event(
                 │    └ <function Router._propagate_event at 0x7fcf169acee0>
                 └ <Router '0x7fcf168b3010'>
  File "/home/refactor_bot/venv/lib/python3.10/site-packages/aiogram/dispatcher/router.py", line 174, in _propagate_event
    response = await router.propagate_event(update_type=update_type, event=event, **kwargs)
                     │      │                           │                  │        └ {'dispatcher': <Dispatcher '0x7fcf1468eb90'>, 'bots': (<aiogram.client.bot.Bot object at 0x7fcf168b2440>,), 'bot': <aiogram.c...
                     │      │                           │                  └ CallbackQuery(id='6586464684392533828', from_user=User(id=5828498107, is_bot=False, first_name='Vasi', last_name=None, userna...
                     │      │                           └ 'callback_query'
                     │      └ <function Router.propagate_event at 0x7fcf169ace50>
                     └ <Router '0x7fcf147a4880'>
  File "/home/refactor_bot/venv/lib/python3.10/site-packages/aiogram/dispatcher/router.py", line 146, in propagate_event
    return await observer.wrap_outer_middleware(_wrapped, event=event, data=kwargs)
                 │        │                     │               │           └ {'dispatcher': <Dispatcher '0x7fcf1468eb90'>, 'bots': (<aiogram.client.bot.Bot object at 0x7fcf168b2440>,), 'bot': <aiogram.c...
                 │        │                     │               └ CallbackQuery(id='6586464684392533828', from_user=User(id=5828498107, is_bot=False, first_name='Vasi', last_name=None, userna...
                 │        │                     └ <function Router.propagate_event.<locals>._wrapped at 0x7fcf147724d0>
                 │        └ <function TelegramEventObserver.wrap_outer_middleware at 0x7fcf169ac160>
                 └ <aiogram.dispatcher.event.telegram.TelegramEventObserver object at 0x7fcf145df400>
  File "/home/refactor_bot/venv/lib/python3.10/site-packages/aiogram/dispatcher/router.py", line 141, in _wrapped
    return await self._propagate_event(
                 │    └ <function Router._propagate_event at 0x7fcf169acee0>
                 └ <Router '0x7fcf147a4880'>
  File "/home/refactor_bot/venv/lib/python3.10/site-packages/aiogram/dispatcher/router.py", line 166, in _propagate_event
    response = await observer.trigger(event, **kwargs)
                     │        │       │        └ {'dispatcher': <Dispatcher '0x7fcf1468eb90'>, 'bots': (<aiogram.client.bot.Bot object at 0x7fcf168b2440>,), 'bot': <aiogram.c...
                     │        │       └ CallbackQuery(id='6586464684392533828', from_user=User(id=5828498107, is_bot=False, first_name='Vasi', last_name=None, userna...
                     │        └ <function TelegramEventObserver.trigger at 0x7fcf169ac280>
                     └ <aiogram.dispatcher.event.telegram.TelegramEventObserver object at 0x7fcf145df400>
  File "/home/refactor_bot/venv/lib/python3.10/site-packages/aiogram/dispatcher/event/telegram.py", line 121, in trigger
    return await wrapped_inner(event, kwargs)
                 │             │      └ {'dispatcher': <Dispatcher '0x7fcf1468eb90'>, 'bots': (<aiogram.client.bot.Bot object at 0x7fcf168b2440>,), 'bot': <aiogram.c...
                 │             └ CallbackQuery(id='6586464684392533828', from_user=User(id=5828498107, is_bot=False, first_name='Vasi', last_name=None, userna...
                 └ functools.partial(<app.core.errors.ErrorsMiddleware object at 0x7fcf137b8fa0>, <function CallableObject.call at 0x7fcf14772440>)

> File "/home/refactor_bot/app/core/errors.py", line 14, in __call__
    return await handler(event, data)
                 │       │      └ {'dispatcher': <Dispatcher '0x7fcf1468eb90'>, 'bots': (<aiogram.client.bot.Bot object at 0x7fcf168b2440>,), 'bot': <aiogram.c...
                 │       └ CallbackQuery(id='6586464684392533828', from_user=User(id=5828498107, is_bot=False, first_name='Vasi', last_name=None, userna...
                 └ <function CallableObject.call at 0x7fcf14772440>

  File "/home/refactor_bot/venv/lib/python3.10/site-packages/aiogram/dispatcher/event/handler.py", line 43, in call
    return await wrapped()
                 └ functools.partial(<function cb_post_pick_channel at 0x7fcf145e3eb0>, CallbackQuery(id='6586464684392533828', from_user=User(i...

  File "/home/refactor_bot/app/bot/routers/main.py", line 1428, in cb_post_pick_channel
    await callback.answer()
          │        └ <function CallbackQuery.answer at 0x7fcf1826b1c0>
          └ CallbackQuery(id='6586464684392533828', from_user=User(id=5828498107, is_bot=False, first_name='Vasi', last_name=None, userna...

  File "/home/refactor_bot/venv/lib/python3.10/site-packages/aiogram/methods/base.py", line 84, in emit
    return await bot(self)
                 │   └ AnswerCallbackQuery(callback_query_id='6586464684392533828', text=None, show_alert=None, url=None, cache_time=None)
                 └ <aiogram.client.bot.Bot object at 0x7fcf168b2440>
  File "/home/refactor_bot/venv/lib/python3.10/site-packages/aiogram/client/bot.py", line 485, in __call__
    return await self.session(self, method, timeout=request_timeout)
                 │    │       │     │               └ None
                 │    │       │     └ AnswerCallbackQuery(callback_query_id='6586464684392533828', text=None, show_alert=None, url=None, cache_time=None)
                 │    │       └ <aiogram.client.bot.Bot object at 0x7fcf168b2440>
                 │    └ <aiogram.client.session.aiohttp.AiohttpSession object at 0x7fcf168b24a0>
                 └ <aiogram.client.bot.Bot object at 0x7fcf168b2440>
  File "/home/refactor_bot/venv/lib/python3.10/site-packages/aiogram/client/session/base.py", line 254, in __call__
    return cast(TelegramType, await middleware(bot, method))
           │    │                   │          │    └ AnswerCallbackQuery(callback_query_id='6586464684392533828', text=None, show_alert=None, url=None, cache_time=None)
           │    │                   │          └ <aiogram.client.bot.Bot object at 0x7fcf168b2440>
           │    │                   └ functools.partial(<bound method AiohttpSession.make_request of <aiogram.client.session.aiohttp.AiohttpSession object at 0x7fc...
           │    └ ~TelegramType
           └ <function cast at 0x7fcf190b1cf0>
  File "/home/refactor_bot/venv/lib/python3.10/site-packages/aiogram/client/session/aiohttp.py", line 185, in make_request
    response = self.check_response(
               │    └ <function BaseSession.check_response at 0x7fcf16d12200>
               └ <aiogram.client.session.aiohttp.AiohttpSession object at 0x7fcf168b24a0>
  File "/home/refactor_bot/venv/lib/python3.10/site-packages/aiogram/client/session/base.py", line 120, in check_response
    raise TelegramBadRequest(method=method, message=description)
          │                         │               └ 'Bad Request: query is too old and response timeout expired or query ID is invalid'
          │                         └ AnswerCallbackQuery(callback_query_id='6586464684392533828', text=None, show_alert=None, url=None, cache_time=None)
          └ <class 'aiogram.exceptions.TelegramBadRequest'>

aiogram.exceptions.TelegramBadRequest: Telegram server says - Bad Request: query is too old and response timeout expired or query ID is invalid
2025-10-27 16:31:57 | INFO     | {} Boot: stopping grab poller...
2025-10-27 16:31:57 | INFO     | {} grab_poller: stop requested
2025-10-27 16:31:57 | INFO     | {} Boot: stopping scheduler...
2025-10-27 16:31:57 | INFO     | {} Scheduler: stop requested
2025-10-27 16:32:03 | INFO     | {} External bot stopped ext_id=1
2025-10-27 16:32:03 | INFO     | {} External bot stopped ext_id=2
2025-10-27 16:32:03 | INFO     | {} Boot: stopping userbot...
2025-10-27 16:32:43 | INFO     | {} DB: engine initialized, pool=StaticPool staticpool=True nullpool=False
2025-10-27 16:32:44 | INFO     | {} External bot started ext_id=1
2025-10-27 16:32:44 | INFO     | {} External bot started ext_id=2
2025-10-27 16:32:44 | INFO     | {} Boot: starting userbot...
2025-10-27 16:32:47 | INFO     | {} Boot: userbot started
2025-10-27 16:32:54 | INFO     | {} Boot: userbot peers warmed up
2025-10-27 16:32:54 | INFO     | {} Boot: creating services...
2025-10-27 16:32:54 | INFO     | {} Scheduler: start build=2025-10-22T16:05-autodel-precheck-fallback
2025-10-27 16:32:54 | INFO     | {} grab_poller: start
2025-10-27 16:32:54 | INFO     | {} Boot: starting aiogram polling...
2025-10-27 16:33:32 | DEBUG    | {} POST_BACK: received
2025-10-27 16:43:39 | INFO     | {} Boot: stopping grab poller...
2025-10-27 16:43:39 | INFO     | {} grab_poller: stop requested
2025-10-27 16:43:42 | INFO     | {} Boot: stopping scheduler...
2025-10-27 16:43:42 | INFO     | {} Scheduler: stop requested
2025-10-27 16:43:51 | INFO     | {} External bot stopped ext_id=1
2025-10-27 16:43:51 | INFO     | {} External bot stopped ext_id=2
2025-10-27 16:43:51 | INFO     | {} Boot: stopping userbot...
2025-10-27 16:44:41 | INFO     | {} DB: engine initialized, pool=StaticPool staticpool=True nullpool=False
2025-10-27 16:44:42 | INFO     | {} External bot started ext_id=1
2025-10-27 16:44:42 | INFO     | {} External bot started ext_id=2
2025-10-27 16:44:42 | INFO     | {} Boot: starting userbot...
2025-10-27 16:44:43 | INFO     | {} Boot: userbot started
2025-10-27 16:44:45 | INFO     | {} Boot: userbot peers warmed up
2025-10-27 16:44:45 | INFO     | {} Boot: creating services...
2025-10-27 16:44:45 | INFO     | {} Scheduler: start build=2025-10-22T16:05-autodel-precheck-fallback
2025-10-27 16:44:45 | INFO     | {} grab_poller: start
2025-10-27 16:44:45 | INFO     | {} Boot: starting aiogram polling...
2025-10-27 16:50:43 | INFO     | {} Boot: stopping grab poller...
2025-10-27 16:50:43 | INFO     | {} grab_poller: stop requested
2025-10-27 16:50:47 | INFO     | {} Boot: stopping scheduler...
2025-10-27 16:50:47 | INFO     | {} Scheduler: stop requested
2025-10-27 16:50:55 | INFO     | {} External bot stopped ext_id=1
2025-10-27 16:50:55 | INFO     | {} External bot stopped ext_id=2
2025-10-27 16:50:55 | INFO     | {} Boot: stopping userbot...
2025-10-27 16:51:15 | INFO     | {} DB: engine initialized, pool=StaticPool staticpool=True nullpool=False
2025-10-27 16:51:17 | INFO     | {} External bot started ext_id=1
2025-10-27 16:51:17 | INFO     | {} External bot started ext_id=2
2025-10-27 16:51:17 | INFO     | {} Boot: starting userbot...
2025-10-27 16:51:20 | INFO     | {} Boot: userbot started
2025-10-27 16:51:23 | INFO     | {} Boot: userbot peers warmed up
2025-10-27 16:51:23 | INFO     | {} Boot: creating services...
2025-10-27 16:51:23 | INFO     | {} Scheduler: start build=2025-10-22T16:05-autodel-precheck-fallback
2025-10-27 16:51:23 | INFO     | {} grab_poller: start
2025-10-27 16:51:23 | INFO     | {} Boot: starting aiogram polling...
2025-10-27 17:02:28 | INFO     | {} Boot: stopping grab poller...
2025-10-27 17:02:28 | INFO     | {} grab_poller: stop requested
2025-10-27 17:02:30 | INFO     | {} Boot: stopping scheduler...
2025-10-27 17:02:30 | INFO     | {} Scheduler: stop requested
2025-10-27 17:02:39 | INFO     | {} External bot stopped ext_id=1
2025-10-27 17:02:39 | INFO     | {} External bot stopped ext_id=2
2025-10-27 17:02:39 | INFO     | {} Boot: stopping userbot...
2025-10-27 17:02:52 | INFO     | {} DB: engine initialized, pool=StaticPool staticpool=True nullpool=False
2025-10-27 17:02:52 | INFO     | {} External bot started ext_id=1
2025-10-27 17:02:52 | INFO     | {} External bot started ext_id=2
2025-10-27 17:02:52 | INFO     | {} Boot: starting userbot...
2025-10-27 17:02:53 | INFO     | {} Boot: userbot started
2025-10-27 17:02:55 | INFO     | {} Boot: userbot peers warmed up
2025-10-27 17:02:55 | INFO     | {} Boot: creating services...
2025-10-27 17:02:55 | INFO     | {} Scheduler: start build=2025-10-22T16:05-autodel-precheck-fallback
2025-10-27 17:02:55 | INFO     | {} grab_poller: start
2025-10-27 17:02:55 | INFO     | {} Boot: starting aiogram polling...
2025-10-27 17:21:31 | INFO     | {} Boot: stopping grab poller...
2025-10-27 17:21:31 | INFO     | {} grab_poller: stop requested
2025-10-27 17:21:34 | INFO     | {} Boot: stopping scheduler...
2025-10-27 17:21:34 | INFO     | {} Scheduler: stop requested
2025-10-27 17:21:42 | INFO     | {} External bot stopped ext_id=1
2025-10-27 17:21:42 | INFO     | {} External bot stopped ext_id=2
2025-10-27 17:21:42 | INFO     | {} Boot: stopping userbot...
2025-10-27 17:33:47 | INFO     | {} DB: engine initialized, pool=StaticPool staticpool=True nullpool=False
2025-10-27 17:33:48 | INFO     | {} External bot started ext_id=1
2025-10-27 17:33:48 | INFO     | {} External bot started ext_id=2
2025-10-27 17:33:48 | INFO     | {} Boot: starting userbot...
2025-10-27 17:33:49 | INFO     | {} Boot: userbot started
2025-10-27 17:33:50 | INFO     | {} Boot: userbot peers warmed up
2025-10-27 17:33:50 | INFO     | {} Boot: creating services...
2025-10-27 17:33:50 | INFO     | {} Scheduler: start build=2025-10-22T16:05-autodel-precheck-fallback
2025-10-27 17:33:50 | INFO     | {} grab_poller: start
2025-10-27 17:33:50 | INFO     | {} Boot: starting aiogram polling...
2025-10-27 17:40:24 | INFO     | {} Boot: stopping grab poller...
2025-10-27 17:40:24 | INFO     | {} grab_poller: stop requested
2025-10-27 17:40:25 | INFO     | {} Boot: stopping scheduler...
2025-10-27 17:40:25 | INFO     | {} Scheduler: stop requested
2025-10-27 17:40:32 | INFO     | {} External bot stopped ext_id=1
2025-10-27 17:40:32 | INFO     | {} External bot stopped ext_id=2
2025-10-27 17:40:32 | INFO     | {} Boot: stopping userbot...
2025-10-27 17:41:12 | INFO     | {} DB: engine initialized, pool=StaticPool staticpool=True nullpool=False
2025-10-27 17:41:14 | INFO     | {} External bot started ext_id=1
2025-10-27 17:41:14 | INFO     | {} External bot started ext_id=2
2025-10-27 17:41:14 | INFO     | {} Boot: starting userbot...
2025-10-27 17:41:19 | INFO     | {} Boot: userbot started
2025-10-27 17:41:22 | INFO     | {} Boot: userbot peers warmed up
2025-10-27 17:41:22 | INFO     | {} Boot: creating services...
2025-10-27 17:41:22 | INFO     | {} Scheduler: start build=2025-10-22T16:05-autodel-precheck-fallback
2025-10-27 17:41:22 | INFO     | {} grab_poller: start
2025-10-27 17:41:22 | INFO     | {} Boot: starting aiogram polling...
2025-10-27 17:45:59 | INFO     | {} Boot: stopping grab poller...
2025-10-27 17:45:59 | INFO     | {} grab_poller: stop requested
2025-10-27 17:46:01 | INFO     | {} Boot: stopping scheduler...
2025-10-27 17:46:01 | INFO     | {} Scheduler: stop requested
2025-10-27 17:46:08 | INFO     | {} External bot stopped ext_id=1
2025-10-27 17:46:09 | INFO     | {} External bot stopped ext_id=2
2025-10-27 17:46:09 | INFO     | {} Boot: stopping userbot...
2025-10-27 17:48:36 | INFO     | {} DB: engine initialized, pool=StaticPool staticpool=True nullpool=False
2025-10-27 17:48:36 | INFO     | {} External bot started ext_id=1
2025-10-27 17:48:36 | INFO     | {} External bot started ext_id=2
2025-10-27 17:48:36 | INFO     | {} Boot: starting userbot...
2025-10-27 17:48:37 | INFO     | {} Boot: userbot started
2025-10-27 17:48:39 | INFO     | {} Boot: userbot peers warmed up
2025-10-27 17:48:39 | INFO     | {} Boot: creating services...
2025-10-27 17:48:39 | INFO     | {} Scheduler: start build=2025-10-22T16:05-autodel-precheck-fallback
2025-10-27 17:48:39 | INFO     | {} grab_poller: start
2025-10-27 17:48:39 | INFO     | {} Boot: starting aiogram polling...
2025-10-27 17:52:18 | INFO     | {} Boot: stopping grab poller...
2025-10-27 17:52:18 | INFO     | {} grab_poller: stop requested
2025-10-27 17:52:19 | INFO     | {} Boot: stopping scheduler...
2025-10-27 17:52:19 | INFO     | {} Scheduler: stop requested
2025-10-27 17:52:24 | INFO     | {} External bot stopped ext_id=1
2025-10-27 17:52:24 | INFO     | {} External bot stopped ext_id=2
2025-10-27 17:52:24 | INFO     | {} Boot: stopping userbot...
2025-10-27 17:57:35 | INFO     | {} DB: engine initialized, pool=StaticPool staticpool=True nullpool=False
2025-10-27 17:57:35 | INFO     | {} External bot started ext_id=1
2025-10-27 17:57:35 | INFO     | {} External bot started ext_id=2
2025-10-27 17:57:35 | INFO     | {} Boot: starting userbot...
2025-10-27 17:57:36 | INFO     | {} Boot: userbot started
2025-10-27 17:57:39 | INFO     | {} Boot: userbot peers warmed up
2025-10-27 17:57:39 | INFO     | {} Boot: creating services...
2025-10-27 17:57:39 | INFO     | {} Scheduler: start build=2025-10-22T16:05-autodel-precheck-fallback
2025-10-27 17:57:39 | INFO     | {} grab_poller: start
2025-10-27 17:57:39 | INFO     | {} Boot: starting aiogram polling...
2025-10-27 18:02:04 | INFO     | {} Boot: stopping grab poller...
2025-10-27 18:02:04 | INFO     | {} grab_poller: stop requested
2025-10-27 18:02:04 | INFO     | {} Boot: stopping scheduler...
2025-10-27 18:02:04 | INFO     | {} Scheduler: stop requested
2025-10-27 18:02:09 | INFO     | {} External bot stopped ext_id=1
2025-10-27 18:02:10 | INFO     | {} External bot stopped ext_id=2
2025-10-27 18:02:10 | INFO     | {} Boot: stopping userbot...
2025-10-27 18:02:32 | INFO     | {} DB: engine initialized, pool=StaticPool staticpool=True nullpool=False
2025-10-27 18:02:32 | INFO     | {} External bot started ext_id=1
2025-10-27 18:02:32 | INFO     | {} External bot started ext_id=2
2025-10-27 18:02:32 | INFO     | {} Boot: starting userbot...
2025-10-27 18:02:33 | INFO     | {} Boot: userbot started
2025-10-27 18:02:36 | INFO     | {} Boot: userbot peers warmed up
2025-10-27 18:02:36 | INFO     | {} Boot: creating services...
2025-10-27 18:02:36 | INFO     | {} Scheduler: start build=2025-10-22T16:05-autodel-precheck-fallback
2025-10-27 18:02:36 | INFO     | {} grab_poller: start
2025-10-27 18:02:36 | INFO     | {} Boot: starting aiogram polling...
2025-10-27 18:04:07 | DEBUG    | {} POST_BACK: received
2025-10-27 18:11:58 | INFO     | {} Boot: stopping grab poller...
2025-10-27 18:11:58 | INFO     | {} grab_poller: stop requested
2025-10-27 18:12:02 | INFO     | {} Boot: stopping scheduler...
2025-10-27 18:12:02 | INFO     | {} Scheduler: stop requested
2025-10-27 18:12:07 | INFO     | {} External bot stopped ext_id=1
2025-10-27 18:12:07 | INFO     | {} External bot stopped ext_id=2
2025-10-27 18:12:07 | INFO     | {} Boot: stopping userbot...
2025-10-27 18:32:08 | INFO     | {} DB: engine initialized, pool=StaticPool staticpool=True nullpool=False
2025-10-27 18:32:08 | INFO     | {} External bot started ext_id=1
2025-10-27 18:32:08 | INFO     | {} External bot started ext_id=2
2025-10-27 18:32:08 | INFO     | {} Boot: starting userbot...
2025-10-27 18:32:10 | INFO     | {} Boot: userbot started
2025-10-27 18:32:11 | INFO     | {} Boot: userbot peers warmed up
2025-10-27 18:32:11 | INFO     | {} Boot: creating services...
2025-10-27 18:32:11 | INFO     | {} Scheduler: start build=2025-10-22T16:05-autodel-precheck-fallback
2025-10-27 18:32:11 | INFO     | {} grab_poller: start
2025-10-27 18:32:11 | INFO     | {} Boot: starting aiogram polling...
2025-10-27 18:35:06 | DEBUG    | {} POST_BACK: received
2025-10-27 18:55:24 | INFO     | {} Boot: stopping grab poller...
2025-10-27 18:55:24 | INFO     | {} grab_poller: stop requested
2025-10-27 18:55:28 | INFO     | {} Boot: stopping scheduler...
2025-10-27 18:55:28 | INFO     | {} Scheduler: stop requested
2025-10-27 18:55:36 | INFO     | {} External bot stopped ext_id=1
2025-10-27 18:55:36 | INFO     | {} External bot stopped ext_id=2
2025-10-27 18:55:36 | INFO     | {} Boot: stopping userbot...
2025-10-27 18:55:46 | INFO     | {} DB: engine initialized, pool=StaticPool staticpool=True nullpool=False
2025-10-27 18:55:46 | INFO     | {} External bot started ext_id=1
2025-10-27 18:55:46 | INFO     | {} External bot started ext_id=2
2025-10-27 18:55:46 | INFO     | {} Boot: starting userbot...
2025-10-27 18:55:47 | INFO     | {} Boot: userbot started
2025-10-27 18:55:48 | INFO     | {} Boot: userbot peers warmed up
2025-10-27 18:55:48 | INFO     | {} Boot: creating services...
2025-10-27 18:55:48 | INFO     | {} Scheduler: start build=2025-10-22T16:05-autodel-precheck-fallback
2025-10-27 18:55:48 | INFO     | {} grab_poller: start
2025-10-27 18:55:48 | INFO     | {} Boot: starting aiogram polling...
2025-10-27 19:01:12 | INFO     | {} Boot: stopping grab poller...
2025-10-27 19:01:12 | INFO     | {} grab_poller: stop requested
2025-10-27 19:01:16 | INFO     | {} Boot: stopping scheduler...
2025-10-27 19:01:16 | INFO     | {} Scheduler: stop requested
2025-10-27 19:01:19 | INFO     | {} External bot stopped ext_id=1
2025-10-27 19:01:19 | INFO     | {} External bot stopped ext_id=2
2025-10-27 19:01:19 | INFO     | {} Boot: stopping userbot...
2025-10-27 19:01:30 | INFO     | {} DB: engine initialized, pool=StaticPool staticpool=True nullpool=False
2025-10-27 19:01:31 | INFO     | {} External bot started ext_id=1
2025-10-27 19:01:31 | INFO     | {} External bot started ext_id=2
2025-10-27 19:01:31 | INFO     | {} Boot: starting userbot...
2025-10-27 19:01:31 | INFO     | {} Boot: userbot started
2025-10-27 19:01:33 | INFO     | {} Boot: userbot peers warmed up
2025-10-27 19:01:33 | INFO     | {} Boot: creating services...
2025-10-27 19:01:33 | INFO     | {} Scheduler: start build=2025-10-22T16:05-autodel-precheck-fallback
2025-10-27 19:01:33 | INFO     | {} grab_poller: start
2025-10-27 19:01:33 | INFO     | {} Boot: starting aiogram polling...
2025-10-27 19:10:42 | INFO     | {} Boot: stopping grab poller...
2025-10-27 19:10:42 | INFO     | {} grab_poller: stop requested
2025-10-27 19:10:42 | INFO     | {} Boot: stopping scheduler...
2025-10-27 19:10:42 | INFO     | {} Scheduler: stop requested
2025-10-27 19:10:49 | INFO     | {} External bot stopped ext_id=1
2025-10-27 19:10:49 | INFO     | {} External bot stopped ext_id=2
2025-10-27 19:10:49 | INFO     | {} Boot: stopping userbot...
2025-10-27 19:11:04 | INFO     | {} DB: engine initialized, pool=StaticPool staticpool=True nullpool=False
2025-10-27 19:11:04 | INFO     | {} External bot started ext_id=1
2025-10-27 19:11:04 | INFO     | {} External bot started ext_id=2
2025-10-27 19:11:04 | INFO     | {} Boot: starting userbot...
2025-10-27 19:11:05 | INFO     | {} Boot: userbot started
2025-10-27 19:11:07 | INFO     | {} Boot: userbot peers warmed up
2025-10-27 19:11:07 | INFO     | {} Boot: creating services...
2025-10-27 19:11:07 | INFO     | {} Scheduler: start build=2025-10-22T16:05-autodel-precheck-fallback
2025-10-27 19:11:07 | INFO     | {} grab_poller: start
2025-10-27 19:11:07 | INFO     | {} Boot: starting aiogram polling...
2025-10-27 19:18:52 | INFO     | {} Boot: stopping grab poller...
2025-10-27 19:18:52 | INFO     | {} grab_poller: stop requested
2025-10-27 19:18:55 | INFO     | {} Boot: stopping scheduler...
2025-10-27 19:18:55 | INFO     | {} Scheduler: stop requested
2025-10-27 19:19:03 | INFO     | {} External bot stopped ext_id=1
2025-10-27 19:19:03 | INFO     | {} External bot stopped ext_id=2
2025-10-27 19:19:03 | INFO     | {} Boot: stopping userbot...
2025-10-27 19:22:10 | INFO     | {} DB: engine initialized, pool=StaticPool staticpool=True nullpool=False
2025-10-27 19:22:10 | INFO     | {} External bot started ext_id=1
2025-10-27 19:22:10 | INFO     | {} External bot started ext_id=2
2025-10-27 19:22:10 | INFO     | {} Boot: starting userbot...
2025-10-27 19:22:11 | INFO     | {} Boot: userbot started
2025-10-27 19:22:13 | INFO     | {} Boot: userbot peers warmed up
2025-10-27 19:22:13 | INFO     | {} Boot: creating services...
2025-10-27 19:22:13 | INFO     | {} Scheduler: start build=2025-10-22T16:05-autodel-precheck-fallback
2025-10-27 19:22:13 | INFO     | {} grab_poller: start
2025-10-27 19:22:13 | INFO     | {} Boot: starting aiogram polling...
2025-10-27 19:45:14 | INFO     | {} Boot: stopping grab poller...
2025-10-27 19:45:14 | INFO     | {} grab_poller: stop requested
2025-10-27 19:45:18 | INFO     | {} Boot: stopping scheduler...
2025-10-27 19:45:18 | INFO     | {} Scheduler: stop requested
2025-10-27 19:45:26 | INFO     | {} External bot stopped ext_id=1
2025-10-27 19:45:26 | INFO     | {} External bot stopped ext_id=2
2025-10-27 19:45:26 | INFO     | {} Boot: stopping userbot...
2025-10-27 20:00:13 | INFO     | {} DB: engine initialized, pool=StaticPool staticpool=True nullpool=False
2025-10-27 20:00:13 | INFO     | {} External bot started ext_id=1
2025-10-27 20:00:13 | INFO     | {} External bot started ext_id=2
2025-10-27 20:00:13 | INFO     | {} Boot: starting userbot...
2025-10-27 20:00:14 | INFO     | {} Boot: userbot started
2025-10-27 20:00:16 | INFO     | {} Boot: userbot peers warmed up
2025-10-27 20:00:16 | INFO     | {} Boot: creating services...
2025-10-27 20:00:16 | INFO     | {} Scheduler: start build=2025-10-22T16:05-autodel-precheck-fallback
2025-10-27 20:00:16 | INFO     | {} grab_poller: start
2025-10-27 20:00:16 | INFO     | {} Boot: starting aiogram polling...
2025-10-27 20:08:36 | INFO     | {} Boot: stopping grab poller...
2025-10-27 20:08:36 | INFO     | {} grab_poller: stop requested
2025-10-27 20:08:39 | INFO     | {} Boot: stopping scheduler...
2025-10-27 20:08:39 | INFO     | {} Scheduler: stop requested
2025-10-27 20:08:46 | INFO     | {} External bot stopped ext_id=1
2025-10-27 20:08:47 | INFO     | {} External bot stopped ext_id=2
2025-10-27 20:08:47 | INFO     | {} Boot: stopping userbot...
2025-10-27 20:08:58 | INFO     | {} DB: engine initialized, pool=StaticPool staticpool=True nullpool=False
2025-10-27 20:08:58 | INFO     | {} External bot started ext_id=1
2025-10-27 20:08:58 | INFO     | {} External bot started ext_id=2
2025-10-27 20:08:58 | INFO     | {} Boot: starting userbot...
2025-10-27 20:08:59 | INFO     | {} Boot: userbot started
2025-10-27 20:09:01 | INFO     | {} Boot: userbot peers warmed up
2025-10-27 20:09:01 | INFO     | {} Boot: creating services...
2025-10-27 20:09:01 | INFO     | {} Scheduler: start build=2025-10-22T16:05-autodel-precheck-fallback
2025-10-27 20:09:01 | INFO     | {} grab_poller: start
2025-10-27 20:09:01 | INFO     | {} Boot: starting aiogram polling...
2025-10-27 20:14:12 | INFO     | {} Boot: stopping grab poller...
2025-10-27 20:14:12 | INFO     | {} grab_poller: stop requested
2025-10-27 20:14:16 | INFO     | {} Boot: stopping scheduler...
2025-10-27 20:14:16 | INFO     | {} Scheduler: stop requested
2025-10-27 20:14:27 | INFO     | {} External bot stopped ext_id=1
2025-10-27 20:14:27 | INFO     | {} External bot stopped ext_id=2
2025-10-27 20:14:27 | INFO     | {} Boot: stopping userbot...
2025-10-27 20:14:38 | INFO     | {} DB: engine initialized, pool=StaticPool staticpool=True nullpool=False
2025-10-27 20:14:38 | INFO     | {} External bot started ext_id=1
2025-10-27 20:14:38 | INFO     | {} External bot started ext_id=2
2025-10-27 20:14:38 | INFO     | {} Boot: starting userbot...
2025-10-27 20:14:40 | INFO     | {} Boot: userbot started
2025-10-27 20:14:41 | INFO     | {} Boot: userbot peers warmed up
2025-10-27 20:14:41 | INFO     | {} Boot: creating services...
2025-10-27 20:14:41 | INFO     | {} Scheduler: start build=2025-10-22T16:05-autodel-precheck-fallback
2025-10-27 20:14:41 | INFO     | {} grab_poller: start
2025-10-27 20:14:41 | INFO     | {} Boot: starting aiogram polling...
2025-10-27 22:17:00 | INFO     | {} Boot: stopping grab poller...
2025-10-27 22:17:00 | INFO     | {} grab_poller: stop requested
2025-10-27 22:17:04 | INFO     | {} Boot: stopping scheduler...
2025-10-27 22:17:04 | INFO     | {} Scheduler: stop requested
2025-10-27 22:17:11 | INFO     | {} External bot stopped ext_id=1
2025-10-27 22:17:12 | INFO     | {} External bot stopped ext_id=2
2025-10-27 22:17:12 | INFO     | {} Boot: stopping userbot...
2025-10-27 22:17:48 | INFO     | {} DB: engine initialized, pool=StaticPool staticpool=True nullpool=False
2025-10-27 22:17:48 | INFO     | {} External bot started ext_id=1
2025-10-27 22:17:48 | INFO     | {} External bot started ext_id=2
2025-10-27 22:17:48 | INFO     | {} Boot: starting userbot...
2025-10-27 22:17:49 | INFO     | {} Boot: userbot started
2025-10-27 22:17:52 | INFO     | {} Boot: userbot peers warmed up
2025-10-27 22:17:52 | INFO     | {} Boot: creating services...
2025-10-27 22:17:52 | INFO     | {} Scheduler: start build=2025-10-22T16:05-autodel-precheck-fallback
2025-10-27 22:17:52 | INFO     | {} grab_poller: start
2025-10-27 22:17:52 | INFO     | {} Boot: starting aiogram polling...
2025-10-27 22:43:42 | INFO     | {} Boot: stopping grab poller...
2025-10-27 22:43:42 | INFO     | {} grab_poller: stop requested
2025-10-27 22:43:44 | INFO     | {} Boot: stopping scheduler...
2025-10-27 22:43:44 | INFO     | {} Scheduler: stop requested
2025-10-27 22:43:53 | INFO     | {} External bot stopped ext_id=1
2025-10-27 22:43:54 | INFO     | {} External bot stopped ext_id=2
2025-10-27 22:43:54 | INFO     | {} Boot: stopping userbot...
2025-10-27 22:44:35 | INFO     | {} DB: engine initialized, pool=StaticPool staticpool=True nullpool=False
2025-10-27 22:44:35 | INFO     | {} External bot started ext_id=1
2025-10-27 22:44:35 | INFO     | {} External bot started ext_id=2
2025-10-27 22:44:35 | INFO     | {} Boot: starting userbot...
2025-10-27 22:44:36 | INFO     | {} Boot: userbot started
2025-10-27 22:44:37 | INFO     | {} Boot: userbot peers warmed up
2025-10-27 22:44:37 | INFO     | {} Boot: creating services...
2025-10-27 22:44:37 | INFO     | {} Scheduler: start build=2025-10-22T16:05-autodel-precheck-fallback
2025-10-27 22:44:37 | INFO     | {} grab_poller: start
2025-10-27 22:44:37 | INFO     | {} Boot: starting aiogram polling...
2025-10-27 22:47:51 | INFO     | {} Boot: stopping grab poller...
2025-10-27 22:47:51 | INFO     | {} grab_poller: stop requested
2025-10-27 22:47:54 | INFO     | {} Boot: stopping scheduler...
2025-10-27 22:47:54 | INFO     | {} Scheduler: stop requested
2025-10-27 22:48:03 | INFO     | {} External bot stopped ext_id=1
2025-10-27 22:48:03 | INFO     | {} External bot stopped ext_id=2
2025-10-27 22:48:03 | INFO     | {} Boot: stopping userbot...
2025-10-27 22:50:57 | INFO     | {} DB: engine initialized, pool=StaticPool staticpool=True nullpool=False
2025-10-27 22:50:58 | INFO     | {} External bot started ext_id=1
2025-10-27 22:50:58 | INFO     | {} External bot started ext_id=2
2025-10-27 22:50:58 | INFO     | {} Boot: starting userbot...
2025-10-27 22:50:59 | INFO     | {} Boot: userbot started
2025-10-27 22:51:00 | INFO     | {} Boot: userbot peers warmed up
2025-10-27 22:51:00 | INFO     | {} Boot: creating services...
2025-10-27 22:51:00 | INFO     | {} Scheduler: start build=2025-10-22T16:05-autodel-precheck-fallback
2025-10-27 22:51:00 | INFO     | {} grab_poller: start
2025-10-27 22:51:00 | INFO     | {} Boot: starting aiogram polling...
2025-10-27 22:51:16 | DEBUG    | {} POST_BACK: received
2025-10-27 22:52:41 | DEBUG    | {} POST_BACK: received
2025-10-27 22:54:49 | INFO     | {} Boot: stopping grab poller...
2025-10-27 22:54:49 | INFO     | {} grab_poller: stop requested
2025-10-27 22:54:53 | INFO     | {} Boot: stopping scheduler...
2025-10-27 22:54:53 | INFO     | {} Scheduler: stop requested
2025-10-27 22:55:01 | INFO     | {} External bot stopped ext_id=1
2025-10-27 22:55:01 | INFO     | {} External bot stopped ext_id=2
2025-10-27 22:55:01 | INFO     | {} Boot: stopping userbot...
2025-10-27 22:55:14 | INFO     | {} DB: engine initialized, pool=StaticPool staticpool=True nullpool=False
2025-10-27 22:55:15 | INFO     | {} External bot started ext_id=1
2025-10-27 22:55:15 | INFO     | {} External bot started ext_id=2
2025-10-27 22:55:15 | INFO     | {} Boot: starting userbot...
2025-10-27 22:55:15 | INFO     | {} Boot: userbot started
2025-10-27 22:55:17 | INFO     | {} Boot: userbot peers warmed up
2025-10-27 22:55:17 | INFO     | {} Boot: creating services...
2025-10-27 22:55:17 | INFO     | {} Scheduler: start build=2025-10-22T16:05-autodel-precheck-fallback
2025-10-27 22:55:17 | INFO     | {} grab_poller: start
2025-10-27 22:55:17 | INFO     | {} Boot: starting aiogram polling...
2025-10-27 23:41:26 | INFO     | {} Boot: stopping grab poller...
2025-10-27 23:41:26 | INFO     | {} grab_poller: stop requested
2025-10-27 23:41:28 | INFO     | {} Boot: stopping scheduler...
2025-10-27 23:41:28 | INFO     | {} Scheduler: stop requested
2025-10-27 23:41:34 | INFO     | {} External bot stopped ext_id=1
2025-10-27 23:41:34 | INFO     | {} External bot stopped ext_id=2
2025-10-27 23:41:34 | INFO     | {} Boot: stopping userbot...
2025-10-27 23:41:45 | INFO     | {} DB: engine initialized, pool=StaticPool staticpool=True nullpool=False
2025-10-27 23:41:45 | INFO     | {} External bot started ext_id=1
2025-10-27 23:41:45 | INFO     | {} External bot started ext_id=2
2025-10-27 23:41:45 | INFO     | {} Boot: starting userbot...
2025-10-27 23:41:46 | INFO     | {} Boot: userbot started
2025-10-27 23:41:48 | INFO     | {} Boot: userbot peers warmed up
2025-10-27 23:41:48 | INFO     | {} Boot: creating services...
2025-10-27 23:41:48 | INFO     | {} Scheduler: start build=2025-10-22T16:05-autodel-precheck-fallback
2025-10-27 23:41:48 | INFO     | {} grab_poller: start
2025-10-27 23:41:48 | INFO     | {} Boot: starting aiogram polling...
2025-10-27 23:44:15 | DEBUG    | {} POST_BACK: received
2025-10-27 23:45:33 | INFO     | {} Boot: stopping grab poller...
2025-10-27 23:45:33 | INFO     | {} grab_poller: stop requested
2025-10-27 23:45:37 | INFO     | {} Boot: stopping scheduler...
2025-10-27 23:45:37 | INFO     | {} Scheduler: stop requested
2025-10-27 23:45:40 | INFO     | {} External bot stopped ext_id=1
2025-10-27 23:45:40 | INFO     | {} External bot stopped ext_id=2
2025-10-27 23:45:40 | INFO     | {} Boot: stopping userbot...
2025-10-27 23:47:05 | INFO     | {} DB: engine initialized, pool=StaticPool staticpool=True nullpool=False
2025-10-27 23:47:05 | INFO     | {} External bot started ext_id=1
2025-10-27 23:47:05 | INFO     | {} External bot started ext_id=2
2025-10-27 23:47:05 | INFO     | {} Boot: starting userbot...
2025-10-27 23:47:06 | INFO     | {} Boot: userbot started
2025-10-27 23:47:08 | INFO     | {} Boot: userbot peers warmed up
2025-10-27 23:47:08 | INFO     | {} Boot: creating services...
2025-10-27 23:47:08 | INFO     | {} Scheduler: start build=2025-10-22T16:05-autodel-precheck-fallback
2025-10-27 23:47:08 | INFO     | {} grab_poller: start
2025-10-27 23:47:08 | INFO     | {} Boot: starting aiogram polling...
2025-10-27 23:48:37 | INFO     | {} Boot: stopping grab poller...
2025-10-27 23:48:37 | INFO     | {} grab_poller: stop requested
2025-10-27 23:48:39 | INFO     | {} Boot: stopping scheduler...
2025-10-27 23:48:39 | INFO     | {} Scheduler: stop requested
2025-10-27 23:48:40 | INFO     | {} External bot stopped ext_id=1
2025-10-27 23:48:40 | INFO     | {} External bot stopped ext_id=2
2025-10-27 23:48:40 | INFO     | {} Boot: stopping userbot...
2025-10-27 23:49:00 | INFO     | {} DB: engine initialized, pool=StaticPool staticpool=True nullpool=False
2025-10-27 23:49:01 | INFO     | {} External bot started ext_id=1
2025-10-27 23:49:01 | INFO     | {} External bot started ext_id=2
2025-10-27 23:49:01 | INFO     | {} Boot: starting userbot...
2025-10-27 23:49:02 | INFO     | {} Boot: userbot started
2025-10-27 23:49:03 | INFO     | {} Boot: userbot peers warmed up
2025-10-27 23:49:03 | INFO     | {} Boot: creating services...
2025-10-27 23:49:03 | INFO     | {} Scheduler: start build=2025-10-22T16:05-autodel-precheck-fallback
2025-10-27 23:49:03 | INFO     | {} grab_poller: start
2025-10-27 23:49:03 | INFO     | {} Boot: starting aiogram polling...
2025-10-27 23:49:17 | DEBUG    | {} POST_BACK: received
2025-10-27 23:49:18 | DEBUG    | {} POST_BACK: restored preview keyboard
2025-10-27 23:56:31 | INFO     | {} Boot: stopping grab poller...
2025-10-27 23:56:31 | INFO     | {} grab_poller: stop requested
2025-10-27 23:56:36 | INFO     | {} Boot: stopping scheduler...
2025-10-27 23:56:36 | INFO     | {} Scheduler: stop requested
2025-10-27 23:56:41 | INFO     | {} External bot stopped ext_id=1
2025-10-27 23:56:41 | INFO     | {} External bot stopped ext_id=2
2025-10-27 23:56:41 | INFO     | {} Boot: stopping userbot...
2025-10-27 23:59:02 | INFO     | {} DB: engine initialized, pool=StaticPool staticpool=True nullpool=False
2025-10-27 23:59:02 | INFO     | {} External bot started ext_id=1
2025-10-27 23:59:02 | INFO     | {} External bot started ext_id=2
2025-10-27 23:59:02 | INFO     | {} Boot: starting userbot...
2025-10-27 23:59:03 | INFO     | {} Boot: userbot started
2025-10-27 23:59:05 | INFO     | {} Boot: userbot peers warmed up
2025-10-27 23:59:05 | INFO     | {} Boot: creating services...
2025-10-27 23:59:05 | INFO     | {} Scheduler: start build=2025-10-22T16:05-autodel-precheck-fallback
2025-10-27 23:59:05 | INFO     | {} grab_poller: start
2025-10-27 23:59:05 | INFO     | {} Boot: starting aiogram polling...
2025-10-28 00:22:22 | DEBUG    | {} POST_BACK: received
2025-10-28 00:22:39 | DEBUG    | {} POST_BACK: received
